<?xml version="1.0" encoding="utf-8" ?>
<result>
	<row>
		<label>Others</label>
		<nb_uniq_visitors>9</nb_uniq_visitors>
		<nb_visits>45</nb_visits>
		<nb_actions>80</nb_actions>
		<nb_users>0</nb_users>
		<max_actions>2</max_actions>
		<sum_visit_length>35</sum_visit_length>
		<bounce_count>10</bounce_count>
		<nb_visits_converted>0</nb_visits_converted>
		<logo>plugins/Morpheus/icons/dist/browsers/UNK.png</logo>
		<is_summary>1</is_summary>
		<DevicesDetection_BrowserVersion>Others</DevicesDetection_BrowserVersion>
	</row>
	<row>
		<label>Firefox 6.0</label>
		<nb_uniq_visitors>3</nb_uniq_visitors>
		<nb_visits>15</nb_visits>
		<nb_actions>15</nb_actions>
		<nb_users>0</nb_users>
		<max_actions>1</max_actions>
		<sum_visit_length>0</sum_visit_length>
		<bounce_count>15</bounce_count>
		<nb_visits_converted>0</nb_visits_converted>
		<segment>browserCode==FF;browserVersion==6.0</segment>
		<logo>plugins/Morpheus/icons/dist/browsers/FF.png</logo>
		<DevicesDetection_BrowserVersion>Firefox 6.0</DevicesDetection_BrowserVersion>
	</row>
	<row>
		<label>Internet Explorer 9.0</label>
		<nb_uniq_visitors>3</nb_uniq_visitors>
		<nb_visits>15</nb_visits>
		<nb_actions>30</nb_actions>
		<nb_users>0</nb_users>
		<max_actions>2</max_actions>
		<sum_visit_length>15</sum_visit_length>
		<bounce_count>0</bounce_count>
		<nb_visits_converted>0</nb_visits_converted>
		<segment>browserCode==IE;browserVersion==9.0</segment>
		<logo>plugins/Morpheus/icons/dist/browsers/IE.png</logo>
		<DevicesDetection_BrowserVersion>Internet Explorer 9.0</DevicesDetection_BrowserVersion>
	</row>
</result>