<?xml version="1.0" encoding="utf-8" ?>
<result>
	<row>
		<label>Others</label>
		<nb_uniq_visitors>8</nb_uniq_visitors>
		<nb_visits>40</nb_visits>
		<nb_actions>70</nb_actions>
		<nb_users>0</nb_users>
		<max_actions>2</max_actions>
		<sum_visit_length>30</sum_visit_length>
		<bounce_count>10</bounce_count>
		<nb_visits_converted>0</nb_visits_converted>
		<logo>plugins/Morpheus/icons/dist/os/UNK.png</logo>
		<is_summary>1</is_summary>
		<DevicesDetection_OsVersion>Others</DevicesDetection_OsVersion>
	</row>
	<row>
		<label>GNU/Linux</label>
		<nb_uniq_visitors>4</nb_uniq_visitors>
		<nb_visits>20</nb_visits>
		<nb_actions>25</nb_actions>
		<nb_users>0</nb_users>
		<max_actions>2</max_actions>
		<sum_visit_length>5</sum_visit_length>
		<bounce_count>15</bounce_count>
		<nb_visits_converted>0</nb_visits_converted>
		<segment>operatingSystemCode==LIN;operatingSystemVersion==</segment>
		<logo>plugins/Morpheus/icons/dist/os/LIN.png</logo>
		<DevicesDetection_OsVersion>GNU/Linux</DevicesDetection_OsVersion>
	</row>
	<row>
		<label>Android 4.0</label>
		<nb_uniq_visitors>3</nb_uniq_visitors>
		<nb_visits>15</nb_visits>
		<nb_actions>30</nb_actions>
		<nb_users>0</nb_users>
		<max_actions>2</max_actions>
		<sum_visit_length>15</sum_visit_length>
		<bounce_count>0</bounce_count>
		<nb_visits_converted>0</nb_visits_converted>
		<segment>operatingSystemCode==AND;operatingSystemVersion==4.0</segment>
		<logo>plugins/Morpheus/icons/dist/os/AND.png</logo>
		<DevicesDetection_OsVersion>Android 4.0</DevicesDetection_OsVersion>
	</row>
</result>